\BOOKMARK [1][-]{section.1}{\376\377\000A\000l\000d\000e\000h\000y\000d\000e\000\040\000u\000n\000d\000\040\000K\000e\000t\000o\000n\000e}{}% 1
\BOOKMARK [2][-]{subsection.1.1}{\376\377\000w\000i\000c\000h\000t\000i\000g\000e\000\040\000V\000e\000r\000t\000r\000e\000t\000e\000r}{section.1}% 2
\BOOKMARK [2][-]{subsection.1.2}{\376\377\000T\000e\000c\000h\000n\000i\000s\000c\000h\000e\000\040\000S\000y\000n\000t\000h\000e\000s\000e\000\040\000F\000o\000r\000m\000a\000l\000d\000e\000h\000y\000d}{section.1}% 3
\BOOKMARK [2][-]{subsection.1.3}{\376\377\000T\000e\000c\000h\000n\000i\000s\000c\000h\000e\000\040\000S\000y\000n\000t\000h\000e\000s\000e\000\040\000A\000c\000e\000t\000a\000l\000d\000e\000h\000y\000d}{section.1}% 4
\BOOKMARK [2][-]{subsection.1.4}{\376\377\000E\000l\000e\000k\000t\000r\000o\000p\000h\000i\000l\000e\000\040\000A\000d\000d\000i\000t\000i\000o\000n\000e\000n}{section.1}% 5
\BOOKMARK [3][-]{subsubsection.1.4.1}{\376\377\000P\000r\000o\000t\000o\000n\000i\000e\000r\000u\000n\000g\000\040\000v\000o\000n\000\040\000C\000a\000r\000b\000o\000n\000y\000l\000e\000n}{subsection.1.4}% 6
\BOOKMARK [3][-]{subsubsection.1.4.2}{\376\377\000O\000l\000i\000g\000o\000m\000e\000r\000i\000s\000i\000e\000r\000u\000n\000g\000/\000P\000o\000l\000y\000m\000e\000r\000i\000s\000a\000t\000i\000o\000n}{subsection.1.4}% 7
\BOOKMARK [2][-]{subsection.1.5}{\376\377\000N\000u\000c\000l\000e\000o\000p\000h\000i\000l\000e\000\040\000A\000d\000d\000i\000t\000i\000o\000n\000e\000n}{section.1}% 8
\BOOKMARK [3][-]{subsubsection.1.5.1}{\376\377\000H\000y\000d\000r\000a\000t\000e}{subsection.1.5}% 9
\BOOKMARK [3][-]{subsubsection.1.5.2}{\376\377\000B\000i\000s\000u\000l\000f\000i\000t\000-\000A\000d\000d\000u\000k\000t\000e}{subsection.1.5}% 10
\BOOKMARK [3][-]{subsubsection.1.5.3}{\376\377\000H\000a\000l\000b\000a\000c\000e\000t\000a\000l\000e\000/\000A\000c\000e\000t\000a\000l\000e}{subsection.1.5}% 11
\BOOKMARK [3][-]{subsubsection.1.5.4}{\376\377\000H\000a\000l\000b\000a\000c\000e\000t\000a\000l\000e\000/\000A\000c\000e\000t\000a\000l\000e}{subsection.1.5}% 12
\BOOKMARK [3][-]{subsubsection.1.5.5}{\376\377\000N\000,\000N\000-\000A\000c\000e\000t\000a\000l\000e}{subsection.1.5}% 13
\BOOKMARK [3][-]{subsubsection.1.5.6}{\376\377\000I\000m\000i\000n\000e\000,\000\040\000O\000x\000i\000m\000e\000,\000\040\000H\000y\000d\000r\000a\000z\000o\000n\000e\000,\000\040\000S\000e\000m\000i\000c\000a\000r\000b\000a\000z\000o\000n\000e}{subsection.1.5}% 14
\BOOKMARK [3][-]{subsubsection.1.5.7}{\376\377\000s\000e\000k\000u\000n\000d\000\344\000r\000e\000\040\000A\000m\000i\000n\000e\000\040\000u\000n\000d\000\040\000K\000e\000t\000o\000n\000e\000\040\000m\000i\000t\000\040\000-\000H\000-\000A\000t\000o\000m}{subsection.1.5}% 15
\BOOKMARK [3][-]{subsubsection.1.5.8}{\376\377\000C\000y\000a\000n\000h\000y\000d\000r\000i\000n\000e}{subsection.1.5}% 16
\BOOKMARK [3][-]{subsubsection.1.5.9}{\376\377\000A\000l\000k\000o\000h\000o\000l\000e\000\040\000d\000u\000r\000c\000h\000\040\000G\000r\000i\000g\000n\000a\000r\000d\000-\000A\000d\000d\000i\000t\000i\000o\000n}{subsection.1.5}% 17
\BOOKMARK [3][-]{subsubsection.1.5.10}{\376\377\000B\000e\000n\000z\000o\000i\000n\000k\000o\000n\000d\000e\000n\000s\000a\000t\000i\000o\000n}{subsection.1.5}% 18
\BOOKMARK [3][-]{subsubsection.1.5.11}{\376\377\000S\000t\000e\000t\000t\000e\000r\000\040\000R\000e\000a\000k\000t\000i\000o\000n}{subsection.1.5}% 19
\BOOKMARK [3][-]{subsubsection.1.5.12}{\376\377\000A\000m\000i\000n\000o\000t\000r\000i\000p\000h\000e\000n\000y\000l\000m\000e\000t\000h\000a\000n\000f\000a\000r\000b\000s\000t\000o\000f\000f\000e}{subsection.1.5}% 20
\BOOKMARK [3][-]{subsubsection.1.5.13}{\376\377\000W\000i\000t\000t\000i\000g\000\040\000R\000e\000a\000k\000t\000i\000o\000n}{subsection.1.5}% 21
\BOOKMARK [3][-]{subsubsection.1.5.14}{\376\377\000H\000o\000r\000n\000e\000r\000-\000W\000a\000d\000s\000w\000o\000r\000t\000h\000-\000E\000m\000m\000o\000n\000s\000-\000R\000e\000a\000k\000t\000i\000o\000n}{subsection.1.5}% 22
\BOOKMARK [2][-]{subsection.1.6}{\376\377\000O\000x\000i\000d\000a\000t\000i\000o\000n\000e\000n\000\040\000u\000n\000d\000\040\000R\000e\000d\000u\000k\000t\000i\000o\000n\000e\000n}{section.1}% 23
\BOOKMARK [3][-]{subsubsection.1.6.1}{\376\377\000O\000x\000i\000d\000a\000t\000i\000o\000n\000\040\000v\000o\000n\000\040\000A\000l\000d\000e\000h\000y\000d\000e\000n}{subsection.1.6}% 24
\BOOKMARK [3][-]{subsubsection.1.6.2}{\376\377\000O\000x\000i\000d\000a\000t\000i\000o\000n\000\040\000v\000o\000n\000\040\000B\000e\000n\000z\000a\000l\000d\000e\000h\000y\000d\000\040\000z\000u\000r\000\040\000P\000e\000r\000b\000e\000n\000z\000o\000e\000s\000\344\000u\000r\000e}{subsection.1.6}% 25
\BOOKMARK [3][-]{subsubsection.1.6.3}{\376\377\000B\000a\000e\000y\000e\000r\000-\000V\000i\000l\000l\000i\000g\000e\000r\000-\000O\000x\000i\000d\000a\000t\000i\000o\000n}{subsection.1.6}% 26
\BOOKMARK [3][-]{subsubsection.1.6.4}{\376\377\000C\000l\000e\000m\000m\000e\000n\000s\000e\000n\000-\000R\000e\000d\000u\000k\000t\000i\000o\000n}{subsection.1.6}% 27
\BOOKMARK [3][-]{subsubsection.1.6.5}{\376\377\000K\000a\000t\000a\000l\000y\000t\000i\000s\000c\000h\000e\000\040\000H\000y\000d\000r\000i\000e\000r\000u\000n\000g}{subsection.1.6}% 28
\BOOKMARK [3][-]{subsubsection.1.6.6}{\376\377\000W\000o\000l\000f\000-\000K\000i\000s\000h\000n\000e\000r\000-\000R\000e\000d\000u\000k\000t\000i\000o\000n}{subsection.1.6}% 29
\BOOKMARK [3][-]{subsubsection.1.6.7}{\376\377\000R\000e\000d\000u\000k\000t\000i\000o\000n\000\040\000m\000i\000t\000\040\000M\000e\000t\000a\000l\000l\000h\000y\000d\000r\000i\000d\000e\000n}{subsection.1.6}% 30
\BOOKMARK [3][-]{subsubsection.1.6.8}{\376\377\000M\000e\000e\000r\000w\000e\000i\000n\000\040\000P\000o\000n\000n\000d\000o\000r\000f\000\040\000V\000e\000r\000l\000e\000y\000\040\000R\000e\000d\000u\000k\000t\000i\000o\000n\000\040\000/\000\040\000O\000p\000p\000e\000n\000h\000e\000i\000m\000e\000r\000\040\000O\000x\000i\000d\000a\000t\000i\000o\000n}{subsection.1.6}% 31
\BOOKMARK [3][-]{subsubsection.1.6.9}{\376\377\000C\000a\000n\000n\000i\000z\000z\000a\000r\000o\000-\000R\000e\000a\000k\000t\000i\000o\000n}{subsection.1.6}% 32
\BOOKMARK [3][-]{subsubsection.1.6.10}{\376\377\000L\000e\000u\000c\000h\000a\000t\000-\000W\000a\000l\000l\000a\000c\000h\000-\000R\000e\000a\000k\000t\000i\000o\000n}{subsection.1.6}% 33
\BOOKMARK [3][-]{subsubsection.1.6.11}{\376\377\000E\000i\000n\000e\000l\000e\000l\000k\000t\000r\000o\000n\000e\000n\000r\000e\000d\000u\000k\000t\000i\000o\000n}{subsection.1.6}% 34
\BOOKMARK [3][-]{subsubsection.1.6.12}{\376\377\000E\000n\000z\000y\000m\000a\000t\000i\000s\000c\000h\000e\000\040\000R\000e\000d\000u\000k\000t\000i\000o\000n}{subsection.1.6}% 35
\BOOKMARK [2][-]{subsection.1.7}{\376\377\000R\000e\000a\000k\000t\000i\000o\000n\000e\000n\000\040\000v\000o\000n\000\040\000E\000n\000o\000l\000e\000n\000\040\000u\000n\000d\000\040\000E\000n\000o\000l\000a\000t\000e\000n}{section.1}% 36
\BOOKMARK [3][-]{subsubsection.1.7.1}{\376\377\000A\000l\000l\000g\000e\000m\000e\000i\000n\000e\000s}{subsection.1.7}% 37
\BOOKMARK [3][-]{subsubsection.1.7.2}{\376\377\000E\000r\000z\000e\000u\000g\000u\000n\000g\000\040\000v\000o\000n\000\040\000N\000u\000c\000l\000e\000o\000p\000h\000i\000l\000e\000n\000\040\000K\000o\000h\000l\000e\000n\000s\000t\000o\000f\000f\000e\000n\000\040\000\374\000b\000e\000r\000\040\000E\000n\000o\000l\000a\000t\000e}{subsection.1.7}% 38
\BOOKMARK [3][-]{subsubsection.1.7.3}{\376\377\000H\000a\000l\000o\000g\000e\000n\000i\000e\000r\000u\000n\000g}{subsection.1.7}% 39
\BOOKMARK [3][-]{subsubsection.1.7.4}{\376\377\000M\000a\000n\000n\000i\000c\000h\000\040\000R\000e\000a\000k\000t\000i\000o\000n}{subsection.1.7}% 40
\BOOKMARK [3][-]{subsubsection.1.7.5}{\376\377\000A\000l\000d\000o\000l\000\040\000K\000o\000n\000d\000e\000n\000s\000a\000t\000i\000o\000n}{subsection.1.7}% 41
\BOOKMARK [3][-]{subsubsection.1.7.6}{\376\377\000G\000e\000k\000r\000e\000u\000z\000t\000e\000\040\000A\000l\000d\000o\000l\000k\000o\000n\000d\000e\000n\000s\000a\000t\000i\000o\000n}{subsection.1.7}% 42
\BOOKMARK [3][-]{subsubsection.1.7.7}{\376\377\000C\000l\000a\000i\000s\000e\000n\000'\000s\000c\000h\000e\000\040\000E\000s\000t\000e\000r\000\040\000K\000o\000n\000d\000e\000n\000s\000a\000t\000i\000o\000n}{subsection.1.7}% 43
\BOOKMARK [3][-]{subsubsection.1.7.8}{\376\377\000D\000i\000e\000c\000k\000m\000a\000n\000n\000-\000K\000o\000n\000d\000e\000n\000s\000a\000t\000i\000o\000n}{subsection.1.7}% 44
\BOOKMARK [3][-]{subsubsection.1.7.9}{\376\377\000A\000c\000e\000t\000e\000s\000s\000i\000g\000e\000s\000t\000e\000r\000-\000S\000y\000n\000t\000h\000e\000s\000e}{subsection.1.7}% 45
\BOOKMARK [3][-]{subsubsection.1.7.10}{\376\377\000S\000\344\000u\000r\000e\000s\000p\000a\000l\000t\000u\000n\000g\000\040\000v\000o\000n\000\040\000C\000l\000a\000i\000s\000e\000n\000-\000E\000s\000t\000e\000r\000-\000K\000o\000n\000d\000e\000n\000s\000a\000t\000i\000o\000n\000s\000-\000P\000r\000o\000d\000u\000k\000t\000e\000n}{subsection.1.7}% 46
\BOOKMARK [3][-]{subsubsection.1.7.11}{\376\377\000M\000a\000l\000o\000n\000e\000s\000t\000e\000r\000-\000S\000y\000n\000t\000h\000e\000s\000e}{subsection.1.7}% 47
\BOOKMARK [3][-]{subsubsection.1.7.12}{\376\377\000D\000a\000r\000z\000e\000n\000s\000-\000G\000l\000y\000c\000i\000d\000e\000s\000t\000e\000r\000-\000S\000y\000n\000t\000h\000e\000s\000e}{subsection.1.7}% 48
\BOOKMARK [3][-]{subsubsection.1.7.13}{\376\377\000K\000n\000o\000e\000v\000e\000n\000h\000a\000g\000e\000l\000-\000R\000e\000a\000k\000t\000i\000o\000n}{subsection.1.7}% 49
\BOOKMARK [3][-]{subsubsection.1.7.14}{\376\377\000M\000i\000c\000h\000a\000e\000l\000\040\000R\000e\000a\000k\000t\000i\000o\000n}{subsection.1.7}% 50
\BOOKMARK [3][-]{subsubsection.1.7.15}{\376\377\000R\000o\000b\000i\000n\000s\000o\000n\000\040\000A\000n\000e\000l\000l\000i\000e\000r\000u\000n\000g}{subsection.1.7}% 51
\BOOKMARK [1][-]{section.2}{\376\377\000M\000e\000t\000a\000l\000l\000o\000r\000g\000a\000n\000i\000s\000c\000h\000e\000\040\000V\000e\000r\000b\000i\000n\000d\000u\000n\000g\000e\000n}{}% 52
\BOOKMARK [2][-]{subsection.2.1}{\376\377\000R\000e\000a\000k\000t\000i\000o\000n\000e\000n}{section.2}% 53
\BOOKMARK [3][-]{subsubsection.2.1.1}{\376\377\000H\000y\000d\000r\000o\000l\000y\000s\000e}{subsection.2.1}% 54
\BOOKMARK [3][-]{subsubsection.2.1.2}{\376\377\000O\000x\000i\000d\000a\000t\000i\000o\000n}{subsection.2.1}% 55
\BOOKMARK [3][-]{subsubsection.2.1.3}{\376\377\000R\000e\000a\000k\000t\000i\000o\000n\000e\000n\000\040\000a\000l\000s\000\040\000C\000-\000N\000u\000c\000l\000e\000o\000p\000h\000i\000l\000e}{subsection.2.1}% 56
\BOOKMARK [1][-]{section.3}{\376\377\000C\000a\000r\000b\000o\000n\000s\000\344\000u\000r\000e\000n\000\040\000u\000n\000d\000\040\000D\000e\000r\000i\000v\000a\000t\000e}{}% 57
\BOOKMARK [2][-]{subsection.3.1}{\376\377\000S\000t\000o\000f\000f\000c\000h\000e\000m\000i\000e\000\040\000d\000e\000r\000\040\000C\000a\000r\000b\000o\000n\000s\000\344\000u\000r\000e\000n}{section.3}% 58
\BOOKMARK [2][-]{subsection.3.2}{\376\377\000C\000a\000r\000b\000o\000n\000s\000\344\000u\000r\000e\000n}{section.3}% 59
\BOOKMARK [3][-]{subsubsection.3.2.1}{\376\377\000A\000l\000l\000g\000e\000m\000e\000i\000n\000e\000\040\000R\000e\000a\000k\000t\000i\000o\000n\000s\000m\000\366\000g\000l\000i\000c\000h\000k\000e\000i\000t\000e\000n\000\040\000v\000o\000n\000\040\000C\000a\000r\000b\000o\000n\000s\000\344\000u\000r\000e\000n}{subsection.3.2}% 60
\BOOKMARK [3][-]{subsubsection.3.2.2}{\376\377\000H\000u\000n\000s\000d\000i\000e\000c\000k\000e\000r\000-\000R\000e\000a\000k\000t\000i\000o\000n\000\040\000\050\000D\000e\000c\000a\000r\000b\000o\000x\000y\000l\000i\000e\000r\000u\000n\000g\000\051}{subsection.3.2}% 61
\BOOKMARK [3][-]{subsubsection.3.2.3}{\376\377\000D\000e\000c\000a\000r\000b\000o\000x\000y\000l\000i\000e\000r\000u\000n\000g\000\040\000v\000o\000n\000\040\000-\000K\000e\000t\000o\000s\000\344\000u\000r\000e\000n}{subsection.3.2}% 62
\BOOKMARK [2][-]{subsection.3.3}{\376\377\000E\000s\000t\000e\000r\000\040\000u\000n\000d\000\040\000A\000m\000i\000d\000e}{section.3}% 63
\BOOKMARK [3][-]{subsubsection.3.3.1}{\376\377\000V\000e\000r\000e\000s\000t\000e\000r\000u\000n\000g\000\040\000m\000i\000t\000\040\000D\000i\000a\000z\000o\000m\000e\000t\000h\000a\000n}{subsection.3.3}% 64
\BOOKMARK [3][-]{subsubsection.3.3.2}{\376\377\000B\000i\000l\000d\000u\000n\000g\000\040\000d\000e\000s\000\040\000t\000e\000r\000t\000-\000B\000u\000t\000y\000l\000e\000s\000t\000e\000r\000s\000\040\000a\000l\000s\000\040\000S\000c\000h\000u\000t\000z\000g\000r\000u\000p\000p\000e}{subsection.3.3}% 65
\BOOKMARK [3][-]{subsubsection.3.3.3}{\376\377\000F\000i\000s\000c\000h\000e\000r\000-\000V\000e\000r\000e\000s\000t\000e\000r\000u\000n\000g}{subsection.3.3}% 66
\BOOKMARK [3][-]{subsubsection.3.3.4}{\376\377\000E\000s\000t\000e\000r\000v\000e\000r\000s\000e\000i\000f\000u\000n\000g}{subsection.3.3}% 67
\BOOKMARK [3][-]{subsubsection.3.3.5}{\376\377\000S\000c\000h\000o\000t\000t\000e\000n\000-\000B\000a\000u\000m\000a\000n\000n\000-\000R\000e\000a\000k\000t\000i\000o\000n}{subsection.3.3}% 68
\BOOKMARK [3][-]{subsubsection.3.3.6}{\376\377\000D\000i\000r\000e\000k\000t\000e\000\040\000A\000m\000i\000d\000b\000i\000l\000d\000u\000n\000g\000\040\000a\000u\000s\000\040\000C\000a\000r\000b\000o\000n\000s\000\344\000u\000r\000e\000n}{subsection.3.3}% 69
\BOOKMARK [3][-]{subsubsection.3.3.7}{\376\377\000T\000h\000e\000r\000m\000i\000s\000c\000h\000e\000\040\000Z\000e\000r\000s\000e\000t\000z\000u\000n\000g\000\040\000v\000o\000n\000\040\000A\000m\000m\000o\000n\000i\000u\000m\000c\000a\000r\000b\000o\000x\000y\000l\000a\000t\000e\000n\000\040\000z\000u\000\040\000A\000m\000i\000d\000e\000n}{subsection.3.3}% 70
\BOOKMARK [3][-]{subsubsection.3.3.8}{\376\377\000D\000a\000r\000s\000t\000e\000l\000l\000u\000n\000g\000\040\000v\000o\000n\000\040\000A\000m\000i\000d\000e\000n\000\040\000a\000u\000s\000\040\000A\000n\000h\000y\000d\000r\000i\000d\000e\000n}{subsection.3.3}% 71
\BOOKMARK [3][-]{subsubsection.3.3.9}{\376\377\000D\000a\000r\000s\000t\000e\000l\000l\000u\000n\000g\000\040\000v\000o\000n\000\040\000A\000m\000i\000d\000e\000n\000\040\000a\000u\000s\000\040\000E\000s\000t\000e\000r\000n}{subsection.3.3}% 72
\BOOKMARK [3][-]{subsubsection.3.3.10}{\376\377\000D\000a\000r\000s\000t\000e\000l\000l\000u\000n\000g\000\040\000v\000o\000n\000\040\000A\000m\000i\000d\000e\000n\000\040\000a\000u\000s\000\040\000N\000i\000t\000r\000i\000l\000e\000n}{subsection.3.3}% 73
\BOOKMARK [2][-]{subsection.3.4}{\376\377\000C\000a\000r\000b\000o\000n\000s\000\344\000u\000r\000e\000h\000a\000l\000o\000g\000e\000n\000i\000d\000e}{section.3}% 74
\BOOKMARK [3][-]{subsubsection.3.4.1}{\376\377\000D\000a\000r\000s\000t\000e\000l\000l\000u\000n\000g\000\040\000m\000i\000t\000\040\000T\000h\000i\000o\000n\000y\000l\000c\000h\000l\000o\000r\000i\000d}{subsection.3.4}% 75
\BOOKMARK [3][-]{subsubsection.3.4.2}{\376\377\000D\000a\000r\000s\000t\000e\000l\000l\000u\000n\000g\000\040\000m\000i\000t\000\040\000O\000x\000a\000l\000y\000l\000c\000h\000l\000o\000r\000i\000d}{subsection.3.4}% 76
\BOOKMARK [3][-]{subsubsection.3.4.3}{\376\377\000D\000a\000r\000s\000t\000e\000l\000l\000u\000n\000g\000\040\000m\000i\000t\000\040\000P\000h\000o\000s\000p\000h\000o\000r\000p\000e\000n\000t\000a\000c\000h\000l\000o\000r\000i\000d}{subsection.3.4}% 77
\BOOKMARK [3][-]{subsubsection.3.4.4}{\376\377\000H\000a\000l\000o\000g\000e\000n\000i\000d\000a\000u\000s\000t\000a\000u\000s\000c\000h\000\040\000d\000e\000r\000\040\000S\000\344\000u\000r\000e\000h\000a\000l\000o\000g\000e\000n\000i\000d\000e}{subsection.3.4}% 78
\BOOKMARK [2][-]{subsection.3.5}{\376\377\000A\000n\000h\000y\000d\000r\000i\000d\000e}{section.3}% 79
\BOOKMARK [3][-]{subsubsection.3.5.1}{\376\377\000D\000a\000r\000s\000t\000e\000l\000l\000u\000n\000g\000\040\000m\000i\000t\000\040\000P\000h\000o\000s\000p\000h\000o\000r\000p\000e\000n\000t\000o\000x\000i\000d}{subsection.3.5}% 80
\BOOKMARK [3][-]{subsubsection.3.5.2}{\376\377\000D\000a\000r\000s\000t\000e\000l\000l\000u\000n\000g\000\040\000a\000u\000s\000\040\000S\000\344\000u\000r\000e\000h\000a\000l\000o\000g\000e\000n\000i\000d\000e\000n}{subsection.3.5}% 81
\BOOKMARK [3][-]{subsubsection.3.5.3}{\376\377\000D\000a\000r\000s\000t\000e\000l\000l\000u\000n\000g\000\040\000v\000o\000n\000\040\000A\000n\000h\000y\000d\000r\000i\000d\000e\000n\000\040\000\374\000b\000e\000r\000\040\000i\000n\000\040\000s\000i\000t\000u\000\040\000A\000k\000t\000i\000v\000i\000e\000r\000u\000n\000g}{subsection.3.5}% 82
\BOOKMARK [2][-]{subsection.3.6}{\376\377\000H\000y\000d\000r\000a\000z\000i\000d\000e}{section.3}% 83
\BOOKMARK [3][-]{subsubsection.3.6.1}{\376\377\000S\000t\000o\000f\000f\000c\000h\000e\000m\000i\000e}{subsection.3.6}% 84
\BOOKMARK [3][-]{subsubsection.3.6.2}{\376\377\000H\000y\000d\000r\000a\000z\000i\000n\000o\000l\000y\000s\000e\000\040\000b\000e\000i\000\040\000d\000e\000r\000\040\000G\000a\000b\000r\000i\000e\000l\000-\000S\000y\000n\000t\000h\000e\000s\000e}{subsection.3.6}% 85
\BOOKMARK [2][-]{subsection.3.7}{\376\377\000O\000r\000t\000h\000o\000e\000s\000t\000e\000r}{section.3}% 86
\BOOKMARK [3][-]{subsubsection.3.7.1}{\376\377\000D\000a\000r\000s\000t\000e\000l\000l\000u\000n\000g\000s\000m\000\366\000g\000l\000i\000c\000h\000k\000e\000i\000t\000e\000n}{subsection.3.7}% 87
\BOOKMARK [2][-]{subsection.3.8}{\376\377\000K\000o\000h\000l\000e\000n\000s\000\344\000u\000r\000e\000d\000e\000r\000i\000v\000a\000t\000e}{section.3}% 88
\BOOKMARK [3][-]{subsubsection.3.8.1}{\376\377\000D\000a\000r\000s\000t\000e\000l\000l\000u\000n\000g\000\040\000v\000o\000n\000\040\000P\000h\000o\000s\000g\000e\000n}{subsection.3.8}% 89
\BOOKMARK [3][-]{subsubsection.3.8.2}{\376\377\000R\000e\000a\000k\000t\000i\000o\000n\000e\000n\000\040\000v\000o\000n\000\040\000P\000h\000o\000s\000g\000e\000n}{subsection.3.8}% 90
\BOOKMARK [2][-]{subsection.3.9}{\376\377\000K\000e\000t\000e\000n\000e}{section.3}% 91
\BOOKMARK [3][-]{subsubsection.3.9.1}{\376\377\000D\000a\000r\000s\000t\000e\000l\000l\000u\000n\000g}{subsection.3.9}% 92
\BOOKMARK [3][-]{subsubsection.3.9.2}{\376\377\000R\000e\000a\000k\000t\000i\000o\000n\000e\000n\000\040\000v\000o\000n\000\040\000K\000e\000t\000e\000n\000e\000n}{subsection.3.9}% 93
\BOOKMARK [2][-]{subsection.3.10}{\376\377\000R\000e\000a\000k\000t\000i\000o\000n\000e\000n\000\040\000v\000o\000n\000\040\000C\000a\000r\000b\000o\000n\000s\000\344\000u\000r\000e\000d\000e\000r\000i\000v\000a\000t\000e\000n}{section.3}% 94
\BOOKMARK [3][-]{subsubsection.3.10.1}{\376\377\000R\000e\000d\000u\000k\000t\000i\000o\000n\000e\000n}{subsection.3.10}% 95
\BOOKMARK [1][-]{section.4}{\376\377\000N\000i\000t\000r\000i\000l\000e}{}% 96
\BOOKMARK [2][-]{subsection.4.1}{\376\377\000S\000t\000o\000f\000f\000c\000h\000e\000m\000i\000e}{section.4}% 97
\BOOKMARK [2][-]{subsection.4.2}{\376\377\000D\000a\000r\000s\000t\000e\000l\000l\000u\000n\000g\000\040\000v\000o\000n\000\040\000N\000i\000t\000r\000i\000l\000e\000n\000\040\000d\000u\000r\000c\000h\000\040\000S\000N}{section.4}% 98
\BOOKMARK [2][-]{subsection.4.3}{\376\377\000D\000a\000r\000s\000t\000e\000l\000l\000u\000n\000g\000\040\000v\000o\000n\000\040\000N\000i\000t\000r\000i\000l\000e\000n\000\040\000a\000u\000s\000\040\000S\000\344\000u\000r\000e\000a\000n\000h\000y\000d\000r\000i\000d\000e\000n}{section.4}% 99
\BOOKMARK [1][-]{section.5}{\376\377\000A\000m\000i\000n\000o\000s\000\344\000u\000r\000e\000n\000,\000\040\000P\000e\000p\000t\000i\000d\000e}{}% 100
\BOOKMARK [2][-]{subsection.5.1}{\376\377\000E\000l\000e\000k\000t\000r\000o\000p\000h\000o\000r\000e\000s\000e}{section.5}% 101
\BOOKMARK [2][-]{subsection.5.2}{\376\377\000D\000i\000k\000e\000t\000o\000p\000i\000p\000e\000r\000a\000z\000i\000n\000-\000B\000i\000l\000d\000u\000n\000g}{section.5}% 102
\BOOKMARK [2][-]{subsection.5.3}{\376\377\000D\000a\000r\000s\000t\000e\000l\000l\000u\000n\000g\000\040\000v\000o\000n\000\040\000A\000m\000i\000n\000o\000s\000\344\000u\000r\000e\000n}{section.5}% 103
\BOOKMARK [3][-]{subsubsection.5.3.1}{\376\377\000S\000t\000r\000e\000c\000k\000e\000r\000-\000S\000y\000n\000t\000h\000e\000s\000e}{subsection.5.3}% 104
\BOOKMARK [3][-]{subsubsection.5.3.2}{\376\377\000N\000u\000c\000l\000e\000o\000p\000h\000i\000l\000e\000\040\000S\000u\000b\000s\000t\000i\000t\000u\000t\000i\000o\000n}{subsection.5.3}% 105
\BOOKMARK [3][-]{subsubsection.5.3.3}{\376\377\000B\000e\000c\000k\000m\000a\000n\000n\000-\000U\000m\000l\000a\000g\000e\000r\000u\000n\000g}{subsection.5.3}% 106
\BOOKMARK [2][-]{subsection.5.4}{\376\377\000R\000e\000a\000k\000t\000i\000o\000n\000e\000n}{section.5}% 107
\BOOKMARK [3][-]{subsubsection.5.4.1}{\376\377\000A\000m\000i\000d\000b\000i\000l\000d\000u\000n\000g}{subsection.5.4}% 108
\BOOKMARK [3][-]{subsubsection.5.4.2}{\376\377\000R\000e\000a\000k\000t\000i\000o\000n\000e\000n\000\040\000z\000u\000m\000\040\000a\000n\000a\000l\000y\000t\000i\000s\000c\000h\000e\000n\000\040\000N\000a\000c\000h\000w\000e\000i\000\337}{subsection.5.4}% 109
\BOOKMARK [2][-]{subsection.5.5}{\376\377\000P\000e\000p\000t\000i\000d\000e}{section.5}% 110
\BOOKMARK [3][-]{subsubsection.5.5.1}{\376\377\000P\000o\000l\000y\000p\000e\000p\000t\000i\000d\000e}{subsection.5.5}% 111
\BOOKMARK [2][-]{subsection.5.6}{\376\377\000P\000r\000o\000t\000e\000i\000n\000e}{section.5}% 112
\BOOKMARK [3][-]{subsubsection.5.6.1}{\376\377\000C\000h\000e\000m\000i\000s\000c\000h\000e\000\040\000e\000i\000g\000e\000n\000s\000c\000h\000a\000f\000t\000e\000n\000\040\000v\000o\000n\000\040\000P\000r\000o\000t\000e\000i\000n\000e\000n}{subsection.5.6}% 113
\BOOKMARK [3][-]{subsubsection.5.6.2}{\376\377\000B\000i\000o\000l\000o\000g\000i\000s\000c\000h\000e\000\040\000F\000u\000n\000k\000t\000i\000o\000n\000e\000n\000\040\000d\000e\000r\000\040\000P\000r\000o\000t\000e\000i\000n\000e}{subsection.5.6}% 114
\BOOKMARK [3][-]{subsubsection.5.6.3}{\376\377\000P\000e\000p\000t\000i\000d\000-\000A\000n\000a\000l\000y\000s\000e}{subsection.5.6}% 115
\BOOKMARK [3][-]{subsubsection.5.6.4}{\376\377\000P\000e\000p\000t\000i\000d\000\040\000S\000y\000n\000t\000h\000e\000s\000e}{subsection.5.6}% 116
\BOOKMARK [1][-]{section.6}{\376\377\000K\000o\000h\000l\000e\000n\000h\000y\000d\000r\000a\000t\000e}{}% 117
\BOOKMARK [2][-]{subsection.6.1}{\376\377\000M\000o\000n\000o\000s\000a\000c\000h\000a\000r\000i\000d\000e}{section.6}% 118
\BOOKMARK [2][-]{subsection.6.2}{\376\377\000P\000h\000y\000s\000i\000k\000a\000l\000i\000s\000c\000h\000e\000\040\000E\000i\000g\000e\000n\000s\000c\000h\000a\000f\000t\000e\000n}{section.6}% 119
\BOOKMARK [2][-]{subsection.6.3}{\376\377\000S\000t\000e\000r\000e\000o\000c\000h\000e\000m\000i\000e\000\040\000d\000e\000r\000\040\000M\000o\000n\000o\000s\000a\000c\000h\000a\000r\000i\000d\000e}{section.6}% 120
\BOOKMARK [2][-]{subsection.6.4}{\376\377\000D\000a\000r\000s\000t\000e\000l\000l\000u\000n\000g}{section.6}% 121
\BOOKMARK [3][-]{subsubsection.6.4.1}{\376\377\000P\000h\000o\000t\000o\000s\000y\000n\000t\000h\000e\000s\000e}{subsection.6.4}% 122
\BOOKMARK [2][-]{subsection.6.5}{\376\377\000R\000e\000a\000k\000t\000i\000o\000n\000e\000n}{section.6}% 123
